[    0.000000] Initializing cgroup subsys cpuset
[    0.000000] Initializing cgroup subsys cpu
[    0.000000] Initializing cgroup subsys cpuacct
[    0.000000] Linux version 4.4.0-77-generic (buildd@lgw01-53) (gcc version 5.4.0 20160609 (Ubuntu 5.4.0-6ubuntu1~16.04.4) ) #98-Ubuntu SMP Wed Apr 26 08:33:44 UTC 2017 (Ubuntu 4.4.0-77.98-generic 4.4.59)
[    0.000000] KERNEL supported cpus:
[    0.000000]   Intel GenuineIntel
[    0.000000]   AMD AuthenticAMD
[    0.000000]   NSC Geode by NSC
[    0.000000]   Cyrix CyrixInstead
[    0.000000]   Centaur CentaurHauls
[    0.000000]   Transmeta GenuineTMx86
[    0.000000]   Transmeta TransmetaCPU
[    0.000000]   UMC UMC UMC UMC
[    0.000000] x86/fpu: xstate_offset[2]:  576, xstate_sizes[2]:  256
[    0.000000] x86/fpu: Supporting XSAVE feature 0x01: 'x87 floating point registers'
[    0.000000] x86/fpu: Supporting XSAVE feature 0x02: 'SSE registers'
[    0.000000] x86/fpu: Supporting XSAVE feature 0x04: 'AVX registers'
[    0.000000] x86/fpu: Enabled xstate features 0x7, context size is 832 bytes, using 'standard' format.
[    0.000000] x86/fpu: Using 'lazy' FPU context switches.
[    0.000000] e820: BIOS-provided physical RAM map:
[    0.000000] BIOS-e820: [mem 0x0000000000000000-0x000000000009fbff] usable
[    0.000000] BIOS-e820: [mem 0x000000000009fc00-0x000000000009ffff] reserved
[    0.000000] BIOS-e820: [mem 0x00000000000f0000-0x00000000000fffff] reserved
[    0.000000] BIOS-e820: [mem 0x0000000000100000-0x000000003ffeffff] usable
[    0.000000] BIOS-e820: [mem 0x000000003fff0000-0x000000003fffffff] ACPI data
[    0.000000] BIOS-e820: [mem 0x00000000fec00000-0x00000000fec00fff] reserved
[    0.000000] BIOS-e820: [mem 0x00000000fee00000-0x00000000fee00fff] reserved
[    0.000000] BIOS-e820: [mem 0x00000000fffc0000-0x00000000ffffffff] reserved
[    0.000000] NX (Execute Disable) protection: active
[    0.000000] SMBIOS 2.5 present.
[    0.000000] Hypervisor detected: KVM
[    0.000000] e820: last_pfn = 0x3fff0 max_arch_pfn = 0x1000000
[    0.000000] MTRR: Disabled
[    0.000000] x86/PAT: MTRRs disabled, skipping PAT initialization too.
[    0.000000] x86/PAT: Configuration [0-7]: WB  WT  UC- UC  WB  WT  UC- UC  
[    0.000000] CPU MTRRs all blank - virtualized system.
[    0.000000] found SMP MP-table at [mem 0x0009fff0-0x0009ffff] mapped at [c009fff0]
[    0.000000] Scanning 1 areas for low memory corruption
[    0.000000] RAMDISK: [mem 0x3635a000-0x371a4fff]
[    0.000000] ACPI: Early table checksum verification disabled
[    0.000000] ACPI: RSDP 0x00000000000E0000 000024 (v02 VBOX  )
[    0.000000] ACPI: XSDT 0x000000003FFF0030 00003C (v01 VBOX   VBOXXSDT 00000001 ASL  00000061)
[    0.000000] ACPI: FACP 0x000000003FFF00F0 0000F4 (v04 VBOX   VBOXFACP 00000001 ASL  00000061)
[    0.000000] ACPI: DSDT 0x000000003FFF0470 0021C8 (v02 VBOX   VBOXBIOS 00000002 INTL 20100528)
[    0.000000] ACPI: FACS 0x000000003FFF0200 000040
[    0.000000] ACPI: FACS 0x000000003FFF0200 000040
[    0.000000] ACPI: APIC 0x000000003FFF0240 00005C (v02 VBOX   VBOXAPIC 00000001 ASL  00000061)
[    0.000000] ACPI: SSDT 0x000000003FFF02A0 0001CC (v01 VBOX   VBOXCPUT 00000002 INTL 20100528)
[    0.000000] 131MB HIGHMEM available.
[    0.000000] 891MB LOWMEM available.
[    0.000000]   mapped low ram: 0 - 37bfe000
[    0.000000]   low ram: 0 - 37bfe000
[    0.000000] kvm-clock: Using msrs 4b564d01 and 4b564d00
[    0.000000] kvm-clock: cpu 0, msr 0:37bfd001, primary cpu clock
[    0.000000] kvm-clock: using sched offset of 3306124762 cycles
[    0.000000] clocksource: kvm-clock: mask: 0xffffffffffffffff max_cycles: 0x1cd42e4dffb, max_idle_ns: 881590591483 ns
[    0.000000] Zone ranges:
[    0.000000]   DMA      [mem 0x0000000000001000-0x0000000000ffffff]
[    0.000000]   Normal   [mem 0x0000000001000000-0x0000000037bfdfff]
[    0.000000]   HighMem  [mem 0x0000000037bfe000-0x000000003ffeffff]
[    0.000000] Movable zone start for each node
[    0.000000] Early memory node ranges
[    0.000000]   node   0: [mem 0x0000000000001000-0x000000000009efff]
[    0.000000]   node   0: [mem 0x0000000000100000-0x000000003ffeffff]
[    0.000000] Initmem setup node 0 [mem 0x0000000000001000-0x000000003ffeffff]
[    0.000000] Using APIC driver default
[    0.000000] ACPI: PM-Timer IO Port: 0x4008
[    0.000000] IOAPIC[0]: apic_id 2, version 32, address 0xfec00000, GSI 0-23
[    0.000000] ACPI: INT_SRC_OVR (bus 0 bus_irq 0 global_irq 2 dfl dfl)
[    0.000000] ACPI: INT_SRC_OVR (bus 0 bus_irq 9 global_irq 9 high level)
[    0.000000] Using ACPI (MADT) for SMP configuration information
[    0.000000] smpboot: Allowing 2 CPUs, 0 hotplug CPUs
[    0.000000] PM: Registered nosave memory: [mem 0x00000000-0x00000fff]
[    0.000000] PM: Registered nosave memory: [mem 0x0009f000-0x0009ffff]
[    0.000000] PM: Registered nosave memory: [mem 0x000a0000-0x000effff]
[    0.000000] PM: Registered nosave memory: [mem 0x000f0000-0x000fffff]
[    0.000000] e820: [mem 0x40000000-0xfebfffff] available for PCI devices
[    0.000000] Booting paravirtualized kernel on KVM
[    0.000000] clocksource: refined-jiffies: mask: 0xffffffff max_cycles: 0xffffffff, max_idle_ns: 7645519600211568 ns
[    0.000000] setup_percpu: NR_CPUS:8 nr_cpumask_bits:8 nr_cpu_ids:2 nr_node_ids:1
[    0.000000] PERCPU: Embedded 19 pages/cpu @f71b0000 s47436 r0 d30388 u77824
[    0.000000] PV qspinlock hash table entries: 512 (order: 0, 4096 bytes)
[    0.000000] Built 1 zonelists in Zone order, mobility grouping on.  Total pages: 259800
[    0.000000] Kernel command line: BOOT_IMAGE=/boot/vmlinuz-4.4.0-77-generic root=UUID=ac862801-9510-4755-90c6-318d13bc7e6d ro console=tty1 console=ttyS0
[    0.000000] PID hash table entries: 4096 (order: 2, 16384 bytes)
[    0.000000] Dentry cache hash table entries: 131072 (order: 7, 524288 bytes)
[    0.000000] Inode-cache hash table entries: 65536 (order: 6, 262144 bytes)
[    0.000000] Initializing CPU#0
[    0.000000] Initializing HighMem for node 0 (00037bfe:0003fff0)
[    0.000000] Initializing Movable for node 0 (00000000:00000000)
[    0.000000] Memory: 1008332K/1048120K available (7928K kernel code, 770K rwdata, 3164K rodata, 940K init, 800K bss, 39788K reserved, 0K cma-reserved, 135112K highmem)
[    0.000000] virtual kernel memory layout:
[    0.000000]     fixmap  : 0xfff15000 - 0xfffff000   ( 936 kB)
[    0.000000]     pkmap   : 0xffc00000 - 0xffe00000   (2048 kB)
[    0.000000]     vmalloc : 0xf83fe000 - 0xffbfe000   ( 120 MB)
[    0.000000]     lowmem  : 0xc0000000 - 0xf7bfe000   ( 891 MB)
[    0.000000]       .init : 0xc1b99000 - 0xc1c84000   ( 940 kB)
[    0.000000]       .data : 0xc17be50b - 0xc1b97b40   (3941 kB)
[    0.000000]       .text : 0xc1000000 - 0xc17be50b   (7929 kB)
[    0.000000] Checking if this processor honours the WP bit even in supervisor mode...Ok.
[    0.000000] SLUB: HWalign=64, Order=0-3, MinObjects=0, CPUs=2, Nodes=1
[    0.000000] Hierarchical RCU implementation.
[    0.000000] 	Build-time adjustment of leaf fanout to 32.
[    0.000000] 	RCU restricting CPUs from NR_CPUS=8 to nr_cpu_ids=2.
[    0.000000] RCU: Adjusting geometry for rcu_fanout_leaf=32, nr_cpu_ids=2
[    0.000000] NR_IRQS:2304 nr_irqs:440 16
[    0.000000] Console: colour VGA+ 80x25
[    0.000000] console [tty1] enabled
[    0.000000] console [ttyS0] enabled
[    0.000000] allocated 1048576 bytes of page_ext
[    0.000000] tsc: Detected 2699.998 MHz processor
[    1.702816] Calibrating delay loop (skipped) preset value.. 5399.99 BogoMIPS (lpj=10799992)
[    1.704686] pid_max: default: 32768 minimum: 301
[    1.705697] ACPI: Core revision 20150930
[    1.713762] ACPI: 2 ACPI AML tables successfully acquired and loaded
[    1.781116] Security Framework initialized
[    1.782193] Yama: becoming mindful.
[    1.820734] AppArmor: AppArmor initialized
[    1.842896] Mount-cache hash table entries: 2048 (order: 1, 8192 bytes)
[    1.844305] Mountpoint-cache hash table entries: 2048 (order: 1, 8192 bytes)
[    1.845847] Initializing cgroup subsys io
[    1.867194] Initializing cgroup subsys memory
[    1.868168] Initializing cgroup subsys devices
[    1.874565] Initializing cgroup subsys freezer
[    1.878126] Initializing cgroup subsys net_cls
[    1.890142] Initializing cgroup subsys perf_event
[    1.919155] Initializing cgroup subsys net_prio
[    1.939394] Initializing cgroup subsys hugetlb
[    1.940610] Initializing cgroup subsys pids
[    1.941620] CPU: Physical Processor ID: 0
[    1.953786] CPU: Processor Core ID: 0
[    1.993667] mce: CPU supports 0 MCE banks
[    1.994641] Last level iTLB entries: 4KB 64, 2MB 8, 4MB 8
[    1.995775] Last level dTLB entries: 4KB 64, 2MB 0, 4MB 0, 1GB 4
[    2.035708] Freeing SMP alternatives memory: 28K (c1c84000 - c1c8b000)
[    2.114533] ftrace: allocating 31398 entries in 62 pages
[    2.207560] smpboot: APIC(0) Converting physical 0 to logical package 0
[    2.293246] smpboot: Max logical packages: 1
[    2.325538] Enabling APIC mode:  Flat.  Using 1 I/O APICs
[    2.375428] ..TIMER: vector=0x30 apic1=0 pin1=2 apic2=-1 pin2=-1
[    2.533657] smpboot: CPU0: Intel(R) Core(TM) i5-5257U CPU @ 2.70GHz (family: 0x6, model: 0x3d, stepping: 0x4)
[    2.587813] Performance Events: unsupported p6 CPU model 61 no PMU driver, software events only.
[    2.633901] KVM setup paravirtual spinlock
[    2.635501] x86: Booting SMP configuration:
[    2.696885] .... node  #0, CPUs:      #1
[1266874886.403426] Initializing CPU#1
[    2.739689] kvm-clock: cpu 1, msr 0:37bfd041, secondary cpu clock
[    2.746840] mce: CPU supports 0 MCE banks
[    2.757874] x86: Booted up 1 node, 2 CPUs
[    2.790971] smpboot: Total of 2 processors activated (10799.99 BogoMIPS)
[    2.861875] devtmpfs: initialized
[    2.902176] evm: security.selinux
[    2.932817] evm: security.SMACK64
[    2.969718] evm: security.SMACK64EXEC
[    2.990089] evm: security.SMACK64TRANSMUTE
[    3.026835] evm: security.SMACK64MMAP
[    3.049533] evm: security.ima
[    3.071275] evm: security.capability
[    3.122971] clocksource: jiffies: mask: 0xffffffff max_cycles: 0xffffffff, max_idle_ns: 7645041785100000 ns
[    3.197854] futex hash table entries: 512 (order: 3, 32768 bytes)
[    3.265675] pinctrl core: initialized pinctrl subsystem
[    3.291836] RTC time: 16:29:33, date: 07/15/17
[    3.324934] NET: Registered protocol family 16
[    3.342662] EISA bus registered
[    3.354901] cpuidle: using governor ladder
[    3.413776] cpuidle: using governor menu
[    3.478288] PCCT header not found.
[    3.503597] ACPI: bus type PCI registered
[    3.508182] acpiphp: ACPI Hot Plug PCI Controller Driver version: 0.5
[    3.516654] PCI : PCI BIOS area is rw and x. Use pci=nobios if you want it NX.
[    3.521873] PCI: PCI BIOS revision 2.10 entry at 0xfda26, last bus=0
[    3.530124] PCI: Using configuration type 1 for base access
[    3.545330] ACPI: Added _OSI(Module Device)
[    3.547275] ACPI: Added _OSI(Processor Device)
[    3.548617] ACPI: Added _OSI(3.0 _SCP Extensions)
[    3.551352] ACPI: Added _OSI(Processor Aggregator Device)
[    3.563228] ACPI: Executed 1 blocks of module-level executable AML code
[    3.605196] ACPI: Interpreter enabled
[    3.624209] ACPI: (supports S0 S5)
[    3.640159] ACPI: Using IOAPIC for interrupt routing
[    3.646855] PCI: Using host bridge windows from ACPI; if necessary, use "pci=nocrs" and report a bug
[    3.667314] ACPI: PCI Root Bridge [PCI0] (domain 0000 [bus 00-ff])
[    3.701973] acpi PNP0A03:00: _OSC: OS supports [ASPM ClockPM Segments MSI]
[    3.764987] acpi PNP0A03:00: _OSC failed (AE_NOT_FOUND); disabling ASPM
[    3.833193] acpi PNP0A03:00: fail to add MMCONFIG information, can't access extended PCI configuration space under this bridge.
[    3.878374] PCI host bridge to bus 0000:00
[    3.919652] pci_bus 0000:00: root bus resource [io  0x0000-0x0cf7 window]
[    3.966628] pci_bus 0000:00: root bus resource [io  0x0d00-0xffff window]
[    3.975750] pci_bus 0000:00: root bus resource [mem 0x000a0000-0x000bffff window]
[    3.977605] pci_bus 0000:00: root bus resource [mem 0x40000000-0xffdfffff window]
[    4.056541] pci_bus 0000:00: root bus resource [bus 00-ff]
[    4.121000] pci 0000:00:01.1: legacy IDE quirk: reg 0x10: [io  0x01f0-0x01f7]
[    4.170609] pci 0000:00:01.1: legacy IDE quirk: reg 0x14: [io  0x03f6]
[    4.235269] pci 0000:00:01.1: legacy IDE quirk: reg 0x18: [io  0x0170-0x0177]
[    4.249830] pci 0000:00:01.1: legacy IDE quirk: reg 0x1c: [io  0x0376]
[    4.268734] pci 0000:00:07.0: quirk: [io  0x4000-0x403f] claimed by PIIX4 ACPI
[    4.338227] pci 0000:00:07.0: quirk: [io  0x4100-0x410f] claimed by PIIX4 SMB
[    4.407996] ACPI: PCI Interrupt Link [LNKA] (IRQs 5 9 10 *11)
[    4.453108] ACPI: PCI Interrupt Link [LNKB] (IRQs 5 9 10 *11)
[    4.458210] ACPI: PCI Interrupt Link [LNKC] (IRQs 5 9 *10 11)
[    4.467533] ACPI: PCI Interrupt Link [LNKD] (IRQs 5 *9 10 11)
[    4.509632] ACPI: Enabled 2 GPEs in block 00 to 07
[    4.550845] vgaarb: setting as boot device: PCI:0000:00:02.0
[    4.574627] vgaarb: device added: PCI:0000:00:02.0,decodes=io+mem,owns=io+mem,locks=none
[    4.628602] vgaarb: loaded
[    4.632906] vgaarb: bridge control possible 0000:00:02.0
[    4.648896] SCSI subsystem initialized
[    4.653911] ACPI: bus type USB registered
[    4.657216] usbcore: registered new interface driver usbfs
[    4.664435] usbcore: registered new interface driver hub
[    4.675905] usbcore: registered new device driver usb
[    4.693868] PCI: Using ACPI for IRQ routing
[    4.719512] NetLabel: Initializing
[    4.757784] NetLabel:  domain hash size = 128
[    4.775247] NetLabel:  protocols = UNLABELED CIPSOv4
[    4.776406] NetLabel:  unlabeled traffic allowed by default
[    4.785852] amd_nb: Cannot enumerate AMD northbridges
[    4.835817] clocksource: Switched to clocksource kvm-clock
[    4.878467] AppArmor: AppArmor Filesystem Enabled
[    4.973289] pnp: PnP ACPI init
[    5.025463] pnp: PnP ACPI: found 3 devices
[    5.108182] PnPBIOS: Disabled by ACPI PNP
[    5.189552] clocksource: acpi_pm: mask: 0xffffff max_cycles: 0xffffff, max_idle_ns: 2085701024 ns
[    5.223570] NET: Registered protocol family 2
[    5.224713] TCP established hash table entries: 8192 (order: 3, 32768 bytes)
[    5.254798] TCP bind hash table entries: 8192 (order: 4, 65536 bytes)
[    5.309431] TCP: Hash tables configured (established 8192 bind 8192)
[    5.421070] UDP hash table entries: 512 (order: 2, 16384 bytes)
[    5.519286] UDP-Lite hash table entries: 512 (order: 2, 16384 bytes)
[    5.539792] NET: Registered protocol family 1
[    5.578273] pci 0000:00:00.0: Limiting direct PCI/PCI transfers
[    5.579608] pci 0000:00:01.0: Activating ISA DMA hang workarounds
[    5.652016] Unpacking initramfs...
[    5.938842] Freeing initrd memory: 14636K (f635a000 - f71a5000)
[    5.976405] RAPL PMU detected, API unit is 2^-32 Joules, 4 fixed counters 10737418240 ms ovfl timer
[    6.085384] hw unit of domain pp0-core 2^-0 Joules
[    6.113323] hw unit of domain package 2^-0 Joules
[    6.192892] hw unit of domain dram 2^-0 Joules
[    6.252415] hw unit of domain pp1-gpu 2^-0 Joules
[    6.304487] platform rtc_cmos: registered platform RTC device (no PNP device found)
[    6.411759] Scanning for low memory corruption every 60 seconds
[    6.413676] audit: initializing netlink subsys (disabled)
[    6.455091] audit: type=2000 audit(1500136177.486:1): initialized
[    6.474787] Initialise system trusted keyring
[    6.476119] HugeTLB registered 2 MB page size, pre-allocated 0 pages
[    6.519245] zbud: loaded
[    6.538148] VFS: Disk quotas dquot_6.6.0
[    6.586909] VFS: Dquot-cache hash table entries: 1024 (order 0, 4096 bytes)
[    6.670642] squashfs: version 4.0 (2009/01/31) Phillip Lougher
[    6.730102] fuse init (API version 7.23)
[    6.784817] Key type big_key registered
[    6.877062] Allocating IMA MOK and blacklist keyrings.
[    6.879871] Key type asymmetric registered
[    6.903467] Asymmetric key parser 'x509' registered
[    6.916701] bounce: pool size: 64 pages
[    6.940199] Block layer SCSI generic (bsg) driver version 0.4 loaded (major 249)
[    6.985481] io scheduler noop registered
[    7.000711] io scheduler deadline registered (default)
[    7.049530] io scheduler cfq registered
[    7.082969] pci_hotplug: PCI Hot Plug PCI Core version: 0.5
[    7.144742] pciehp: PCI Express Hot Plug Controller Driver version: 0.4
[    7.220867] ACPI: AC Adapter [AC] (on-line)
[    7.271259] input: Power Button as /devices/LNXSYSTM:00/LNXPWRBN:00/input/input0
[    7.316394] tsc: Refined TSC clocksource calibration: 2701.787 MHz
[    7.402764] clocksource: tsc: mask: 0xffffffffffffffff max_cycles: 0x26f1d65c60b, max_idle_ns: 440795222245 ns
[    7.402818] ACPI: Power Button [PWRF]
[    7.402903] input: Sleep Button as /devices/LNXSYSTM:00/LNXSLPBN:00/input/input1
[    7.402904] ACPI: Sleep Button [SLPF]
[    7.403941] ACPI: Battery Slot [BAT0] (battery present)
[    7.403971] GHES: HEST is not enabled!
[    7.403987] isapnp: Scanning for PnP cards...
[    7.453326] Serial: 8250/16550 driver, 32 ports, IRQ sharing enabled
[    7.515846] 00:02: ttyS0 at I/O 0x3f8 (irq = 4, base_baud = 115200) is a 16550A
[    7.611280] Linux agpgart interface v0.103
[    7.632210] loop: module loaded
[    7.637062] scsi host0: ata_piix
[    7.658223] scsi host1: ata_piix
[    7.683226] ata1: PATA max UDMA/33 cmd 0x1f0 ctl 0x3f6 bmdma 0xd000 irq 14
[    7.727844] ata2: PATA max UDMA/33 cmd 0x170 ctl 0x376 bmdma 0xd008 irq 15
[    7.729565] libphy: Fixed MDIO Bus: probed
[    7.730510] tun: Universal TUN/TAP device driver, 1.6
[    7.731609] tun: (C) 1999-2004 Max Krasnyansky <maxk@qualcomm.com>
[    7.747730] PPP generic driver version 2.4.2
[    7.751558] ehci_hcd: USB 2.0 'Enhanced' Host Controller (EHCI) Driver
[    7.777486] ehci-pci: EHCI PCI platform driver
[    7.778503] ehci-platform: EHCI generic platform driver
[    7.779637] ohci_hcd: USB 1.1 'Open' Host Controller (OHCI) Driver
[    7.780741] ohci-pci: OHCI PCI platform driver
[    7.788835] ohci-platform: OHCI generic platform driver
[    7.801134] isapnp: No Plug & Play device found
[    7.869295] uhci_hcd: USB Universal Host Controller Interface driver
[    8.006351] i8042: PNP: PS/2 Controller [PNP0303:PS2K,PNP0f03:PS2M] at 0x60,0x64 irq 1,12
[    8.066020] serio: i8042 KBD port at 0x60,0x64 irq 1
[    8.153136] serio: i8042 AUX port at 0x60,0x64 irq 12
[    8.233502] mousedev: PS/2 mouse device common for all mice
[    8.289169] rtc_cmos rtc_cmos: rtc core: registered rtc_cmos as rtc0
[    8.365349] rtc_cmos rtc_cmos: alarms up to one day, 114 bytes nvram
[    8.430607] i2c /dev entries driver
[    8.464658] input: AT Translated Set 2 keyboard as /devices/platform/i8042/serio0/input/input2
[    8.536573] device-mapper: uevent: version 1.0.3
[    8.545329] device-mapper: ioctl: 4.34.0-ioctl (2015-10-28) initialised: dm-devel@redhat.com
[    8.547184] platform eisa.0: Probing EISA bus 0
[    8.549339] platform eisa.0: EISA: Cannot allocate resource for mainboard
[    8.558509] platform eisa.0: Cannot allocate resource for EISA slot 1
[    8.623460] platform eisa.0: Cannot allocate resource for EISA slot 2
[    8.633068] platform eisa.0: Cannot allocate resource for EISA slot 3
[    8.651185] platform eisa.0: Cannot allocate resource for EISA slot 4
[    8.652523] platform eisa.0: Cannot allocate resource for EISA slot 5
[    8.653848] platform eisa.0: Cannot allocate resource for EISA slot 6
[    8.655278] platform eisa.0: Cannot allocate resource for EISA slot 7
[    8.658209] platform eisa.0: Cannot allocate resource for EISA slot 8
[    8.659533] platform eisa.0: EISA: Detected 0 cards
[    8.702133] cpufreq-nforce2: No nForce2 chipset.
[    8.703162] ledtrig-cpu: registered to indicate activity on CPUs
[    8.704673] NET: Registered protocol family 10
[    8.705973] NET: Registered protocol family 17
[    8.770542] Key type dns_resolver registered
[    8.888081] microcode: CPU0 sig=0x306d4, pf=0x40, revision=0x0
[    8.936232] microcode: CPU1 sig=0x306d4, pf=0x40, revision=0x0
[    8.978019] microcode: Microcode Update Driver: v2.01 <tigran@aivazian.fsnet.co.uk>, Peter Oruba
[    8.986742] Using IPI No-Shortcut mode
[    9.030886] registered taskstats version 1
[    9.048068] Loading compiled-in X.509 certificates
[    9.061814] Loaded X.509 cert 'Build time autogenerated kernel key: 42ed22459aa700f8082e342aa29c56ea5a58936f'
[    9.073213] zswap: loaded using pool lzo/zbud
[    9.088492] Key type trusted registered
[    9.098677] Key type encrypted registered
[    9.110753] AppArmor: AppArmor sha1 policy hashing enabled
[    9.118220] ima: No TPM chip found, activating TPM-bypass!
[    9.144472] evm: HMAC attrs: 0x1
[    9.174348]   Magic number: 9:755:489
[    9.258922] rtc_cmos rtc_cmos: setting system clock to 2017-07-15 16:29:39 UTC (1500136179)
[    9.269030] BIOS EDD facility v0.16 2004-Jun-25, 0 devices found
[    9.352075] EDD information not available.
[    9.353537] Freeing unused kernel memory: 940K (c1b99000 - c1c84000)
[    9.354971] Write protecting the kernel text: 7932k
[    9.378396] Write protecting the kernel read-only data: 3168k
[    9.379694] NX-protecting the kernel data: 6404k
Loading, please [    9.392995] random: systemd-udevd: uninitialized urandom read (16 bytes read, 0 bits of entropy available)
wait...
startin[    9.393554] random: udevadm: uninitialized urandom read (16 bytes read, 0 bits of entropy available)
g version 229
[    9.393589] random: udevadm: uninitialized urandom read (16 bytes read, 0 bits of entropy available)
[    9.393704] random: udevadm: uninitialized urandom read (16 bytes read, 0 bits of entropy available)
[    9.393746] random: udevadm: uninitialized urandom read (16 bytes read, 0 bits of entropy available)
[    9.393786] random: udevadm: uninitialized urandom read (16 bytes read, 0 bits of entropy available)
[    9.393830] random: udevadm: uninitialized urandom read (16 bytes read, 0 bits of entropy available)
[    9.393870] random: udevadm: uninitialized urandom read (16 bytes read, 0 bits of entropy available)
[    9.393912] random: udevadm: uninitialized urandom read (16 bytes read, 0 bits of entropy available)
[    9.393958] random: udevadm: uninitialized urandom read (16 bytes read, 0 bits of entropy available)
[    9.653021] e1000: Intel(R) PRO/1000 Network Driver - version 7.3.21-k8-NAPI
[    9.657312] e1000: Copyright (c) 1999-2006 Intel Corporation.
[    9.689504] Fusion MPT base driver 3.04.20
[    9.712760] Copyright (c) 1999-2008 LSI Corporation
[    9.773833] Fusion MPT SPI Host driver 3.04.20
[    9.893199] input: ImExPS/2 Generic Explorer Mouse as /devices/platform/i8042/serio1/input/input4
[   10.141035] e1000 0000:00:03.0 eth0: (PCI:33MHz:32-bit) 02:3e:d3:d5:ac:89
[   10.212928] e1000 0000:00:03.0 eth0: Intel(R) PRO/1000 Network Connection
[   10.215323] e1000 0000:00:03.0 enp0s3: renamed from eth0
[   10.228508] mptbase: ioc0: Initiating bringup
[   10.352021] ioc0: LSI53C1030 A0: Capabilities={Initiator}
[   10.589662] scsi host2: ioc0: LSI53C1030 A0, FwRev=00000000h, Ports=1, MaxQ=256, IRQ=20
[   10.745145] scsi 2:0:0:0: Direct-Access     VBOX     HARDDISK         1.0  PQ: 0 ANSI: 5
[   10.830184] scsi target2:0:0: Beginning Domain Validation
[   10.876666] scsi target2:0:0: Domain Validation skipping write tests
[   10.888783] scsi target2:0:0: Ending Domain Validation
[   10.937131] scsi target2:0:0: asynchronous
[   10.995707] scsi 2:0:1:0: Direct-Access     VBOX     HARDDISK         1.0  PQ: 0 ANSI: 5
[   11.015067] scsi target2:0:1: Beginning Domain Validation
[   11.034767] scsi target2:0:1: Domain Validation skipping write tests
[   11.093628] scsi target2:0:1: Ending Domain Validation
[   11.148369] scsi target2:0:1: asynchronous
[   11.188033] sd 2:0:0:0: Attached scsi generic sg0 type 0
[   11.279740] sd 2:0:1:0: Attached scsi generic sg1 type 0
[   11.338681] sd 2:0:0:0: [sda] 20971520 512-byte logical blocks: (10.7 GB/10.0 GiB)
[   11.338911] sd 2:0:1:0: [sdb] 20480 512-byte logical blocks: (10.5 MB/10.0 MiB)
[   11.339171] sd 2:0:1:0: [sdb] Write Protect is off
[   11.339332] sd 2:0:1:0: [sdb] Incomplete mode parameter data
[   11.339333] sd 2:0:1:0: [sdb] Assuming drive cache: write through
[   11.349924] sd 2:0:1:0: [sdb] Attached SCSI disk
[   11.705278] sd 2:0:0:0: [sda] Write Protect is off
[   11.759241] sd 2:0:0:0: [sda] Incomplete mode parameter data
[   11.807456] sd 2:0:0:0: [sda] Assuming drive cache: write through
[   11.849060]  sda: sda1
[   11.860596] sd 2:0:0:0: [sda] Attached SCSI disk
[   12.695366] floppy0: no floppy controllers found
Begin: Loading e[   14.031587] md: linear personality registered for level -1
ssential drivers ... [   14.088568] md: multipath personality registered for level -4
[   14.126617] md: raid0 personality registered for level 0
[   14.186292] md: raid1 personality registered for level 1
[   14.263923] raid6: mmxx1    gen()  5252 MB/s
[   14.339856] raid6: mmxx2    gen()  5058 MB/s
[   14.463941] raid6: sse1x1   gen()  4292 MB/s
[   14.579880] raid6: sse1x2   gen()  5233 MB/s
[   14.751862] raid6: sse2x1   gen()  8287 MB/s
[   14.875834] raid6: sse2x1   xor()  6271 MB/s
[   14.994038] raid6: sse2x2   gen() 11293 MB/s
[   15.064193] raid6: sse2x2   xor()  7541 MB/s
[   15.130645] raid6: using algorithm sse2x2 gen() 11293 MB/s
[   15.167139] raid6: .... xor() 7541 MB/s, rmw enabled
[   15.221674] raid6: using ssse3x1 recovery algorithm
[   15.280716] xor: automatically using best checksumming function:
[   15.344301]    avx       : 20243.000 MB/sec
[   15.392915] async_tx: api initialized (async)
[   15.464768] md: raid6 personality registered for level 6
[   15.504122] md: raid5 personality registered for level 5
[   15.521269] md: raid4 personality registered for level 4
[   15.533464] md: raid10 personality registered for level 10
done.
Begin: Running /scripts/init-premount ... done.
Begin: M[   15.634978] Btrfs loaded
ounting root file system ... Begin: Running /scripts/local-top ... done.
Begin: Running /scripts/local-premount ... Scanning for Btrfs filesyst[   15.679442] EXT4-fs (sda1): INFO: recovery required on readonly filesystem
ems
done.
Warn[   15.721339] EXT4-fs (sda1): write access will be enabled during recovery
ing: fsck not present, so skipping root file system
[   16.000562] EXT4-fs (sda1): recovery complete
[   16.025043] EXT4-fs (sda1): mounted filesystem with ordered data mode. Opts: (null)
done.
Begin: Running /scripts/local-bottom ... done.
Begin: Running /scripts/init-bottom ... done.
[   16.123501] systemd[1]: systemd 229 running in system mode. (+PAM +AUDIT +SELINUX +IMA +APPARMOR +SMACK +SYSVINIT +UTMP +LIBCRYPTSETUP +GCRYPT +GNUTLS +ACL +XZ -LZ4 +SECCOMP +BLKID +ELFUTILS +KMOD -IDN)
[   16.244530] systemd[1]: Detected virtualization oracle.
[   16.309986] systemd[1]: Detected architecture x86.

Welcome to [1mUbuntu 16.04.2 LTS[0m!

[   16.416876] systemd[1]: Set hostname to <ubuntu-xenial>.
[   16.641143] random: nonblocking pool is initialized
[   16.712521] systemd[1]: Listening on udev Control Socket.
[[0;32m  OK  [0m] Listening on udev Control Socket.
[   16.808893] systemd[1]: Listening on Journal Socket (/dev/log).
[[0;32m  OK  [0m] Listening on Journal Socket (/dev/log).
[   16.880676] systemd[1]: Created slice System Slice.
[[0;32m  OK  [0m] Created slice System Slice.
[   16.934844] systemd[1]: Listening on LVM2 poll daemon socket.
[[0;32m  OK  [0m] Listening on LVM2 poll daemon socket.
[   16.948707] systemd[1]: Created slice User and Session Slice.
[[0;32m  OK  [0m] Created slice User and Session Slice.
[   17.012118] systemd[1]: Reached target Swap.
[[0;32m  OK  [0m] Reached target Swap.
[   17.048299] systemd[1]: Listening on LVM2 metadata daemon socket.
[[0;32m  OK  [0m] Listening on LVM2 metadata daemon socket.
[   17.140338] systemd[1]: Listening on Syslog Socket.
[[0;32m  OK  [0m] Listening on Syslog Socket.
[   17.180659] systemd[1]: Listening on /dev/initctl Compatibility Named Pipe.
[[0;32m  OK  [0m] Listening on /dev/initctl Compatibility Named Pipe.
[   17.264460] systemd[1]: Created slice system-serial\x2dgetty.slice.
[[0;32m  OK  [0m] Created slice system-serial\x2dgetty.slice.
[   17.386399] systemd[1]: Listening on Journal Audit Socket.
[[0;32m  OK  [0m] Listening on Journal Audit Socket.
[   17.479689] systemd[1]: Started Trigger resolvconf update for networkd DNS.
[[0;32m  OK  [0m] Started Trigger resolvconf update for networkd DNS.
[   17.576383] systemd[1]: Started Forward Password Requests to Wall Directory Watch.
[[0;32m  OK  [0m] Started Forward Password Requests to Wall Directory Watch.
[   17.728223] systemd[1]: Reached target Slices.
[[0;32m  OK  [0m] Reached target Slices.
[   17.828482] systemd[1]: Created slice system-postgresql.slice.
[[0;32m  OK  [0m] Created slice system-postgresql.slice.
[   17.897289] systemd[1]: Set up automount Arbitrary Executable File Formats File System Automount Point.
[[0;32m  OK  [0m] Set up automount Arbitrary Executab...ats File System Automount Point.
[   18.080856] systemd[1]: Reached target User and Group Name Lookups.
[[0;32m  OK  [0m] Reached target User and Group Name Lookups.
[   18.144672] systemd[1]: Listening on udev Kernel Socket.
[[0;32m  OK  [0m] Listening on udev Kernel Socket.
[   18.200265] systemd[1]: Listening on Device-mapper event daemon FIFOs.
[[0;32m  OK  [0m] Listening on Device-mapper event daemon FIFOs.
[   18.290089] systemd[1]: Listening on Journal Socket.
[[0;32m  OK  [0m] Listening on Journal Socket.
[   18.328444] systemd[1]: Starting Uncomplicated firewall...
         Starting Uncomplicated firewall...
[   18.440110] systemd[1]: Mounting Huge Pages File System...
         Mounting Huge Pages File System...
[   18.532645] systemd[1]: Starting Remount Root and Kernel File Systems...
         [   18.598953] EXT4-fs (sda1): re-mounted. Opts: (null)
Starting Remount Root and Kernel File Systems...
[   18.658576] systemd[1]: Starting Set console keymap...
         Starting Set console keymap...
[   18.784539] systemd[1]: Starting Nameserver information manager...
         Starting Nameserver information manager...
[   18.924150] systemd[1]: Starting Create list of required static device nodes for the current kernel...
         Starting Create list of required st... nodes for the current kernel...
[   19.018978] systemd[1]: Starting Load Kernel Modules...
         Starting Load Ke[   19.105390] Loading iSCSI transport class v2.0-870.
rnel Modules...
[   19.160404] iscsi: registered transport (tcp)
[   19.180211] systemd[1]: Starting Journal Service...
         Starting Journal Service...
[   19.219947] systemd[1]: Mounting Debug File System...
         Mounting Debug F[   19.251946] iscsi: registered transport (iser)
ile System...
[   19.292324] systemd[1]: Mounting POSIX Message Queue File System...
         Mounting POSIX Message Queue File System...
[   19.400477] systemd[1]: Reached target Encrypted Volumes.
[[0;32m  OK  [0m] Reached target Encrypted Volumes.
[   19.500052] systemd[1]: Starting Monitoring of LVM2 mirrors, snapshots etc. using dmeventd or progress polling...
         Starting Monitoring of LVM2 mirrors... dmeventd or progress polling...
[   19.660885] systemd[1]: Mounted Debug File System.
[[0;32m  OK  [0m] Mounted Debug File System.
[   19.732308] systemd[1]: Mounted Huge Pages File System.
[[0;32m  OK  [0m] Mounted Huge Pages File System.
[   19.756714] systemd[1]: Mounted POSIX Message Queue File System.
[[0;32m  OK  [0m] Mounted POSIX Message Queue File System.
[   19.932511] systemd[1]: Started Journal Service.
[[0;32m  OK  [0m] Started Journal Service.
[[0;32m  OK  [0m] Started Uncomplicated firewall.
[[0;32m  OK  [0m] Started Remount Root and Kernel File Systems.
[[0;32m  OK  [0m] Started Set console keymap.
[[0;32m  OK  [0m] Started Create list of required sta...ce nodes for the current kernel.
[[0;32m  OK  [0m] Started Load Kernel Modules.
[[0;32m  OK  [0m] Started Nameserver information manager.
[[0;32m  OK  [0m] Started LVM2 metadata daemon.
         Mounting FUSE Control File System...
         Starting Apply Kernel Variables...
         Starting Create Static Device Nodes in /dev...
         Starting Load/Save Random Seed...
         Starting Initial cloud-init job (pre-networking)...
         Starting udev Coldplug all Devices...
         Starting Flush Journal to Persistent Storage...
[[0;32m  OK  [0m] Mounted FUSE Control File System.
[[0;32m  OK  [0m] Started Monitoring of LVM2 mirrors,...ng dmeventd or progress polling.
[[0;32m  OK  [0m] Started Apply Kernel Variables.
[[0;32m  OK  [0m] Started Create Static Device Nodes in /dev.
[[0;32m  OK  [0m] Started Load/Save Random Seed.
[[0;32m  OK  [0m] Started udev Coldplug all Devices.
[[0;32m  OK  [0m] Started Flush Journal to Persistent Storage.
         Starting udev Kernel Device Manager...
[[0;32m  OK  [0m] Started udev Kernel Device Manager.
[[0;32m  OK  [0m] Started Dispatch Password Requests to Console Directory Watch.
[[0;32m  OK  [0m] Reached target Local File Systems (Pre).
[[0;32m  OK  [0m] Reached target Local File Systems.
         Starting Create Volatile Files and Directories...
         Starting LSB: AppArmor initialization...
         Starting Tell Plymouth To Write Out Runtime Data...
         Starting Set console font and keymap...
[[0;32m  OK  [0m] Started Create Volatile Files and Directories.
[[0;32m  OK  [0m] Started Tell Plymouth To Write Out Runtime Data.
[[0;32m  OK  [0m] Found device /dev/ttyS0.
[[0;32m  OK  [0m] Reached target System Time Synchronized.
         Starting Update UTMP about System Boot/Shutdown...
[[0;32m  OK  [0m] Started LSB: AppArmor initialization.
[   17.691814] cloud-init[452]: Cloud-init v. 0.7.9 running 'init-local' at Sat, 15 Jul 2017 16:29:51 +0000. Up 17.35 seconds.
[[0;32m  OK  [0m] Started Set console font and keymap.
[[0;32m  OK  [0m] Started Initial cloud-init job (pre-networking).
[[0;32m  OK  [0m] Started Update UTMP about System Boot/Shutdown.
[[0;32m  OK  [0m] Listening on Load/Save RF Kill Switch Status /dev/rfkill Watch.
[[0;32m  OK  [0m] Reached target Network (Pre).
[[0;32m  OK  [0m] Started ifup for enp0s3.
[[0;32m  OK  [0m] Created slice system-getty.slice.
         Starting Raise network interfaces...
[[0;32m  OK  [0m] Started Raise network interfaces.
         Starting Initial cloud-init job (metadata service crawler)...
[[0;32m  OK  [0m] Reached target Network.
[   21.061197] cloud-init[959]: Cloud-init v. 0.7.9 running 'init' at Sat, 15 Jul 2017 16:29:55 +0000. Up 20.79 seconds.
[   21.132404] [cloud-init[0;32m  OK  [0m[959]: ] ci-info: +++++++++++++++++++++++++++++++++++++Net device info++++++++++++++++++++++++++++++++++++++Started Initial cloud-init job (metadata service crawler).

[   21.132843] cloud-init[959]: ci-info: +--------+------+----------------------------+---------------+-------+-------------------+
[   21.334820] [cloud-init[0;32m  OK  [0m[959]: ] ci-info: | Device |  Up  |          Address           |      Mask     | Scope |     Hw-Address    |Reached target Cloud-config availability.

[   21.428670] [cloud-init[0;32m  OK  [0m[959]: ] ci-info: +--------+------+----------------------------+---------------+-------+-------------------+Reached target Network is Online.

[   21.429293] cloud-init[959]: ci-info: | enp0s3 | True |         10.0.2.15          | 255.255.255.0 |   .   | 02:3e:d3:d5:ac:89 |
[   21.692570]          cloud-initStarting iSCSI initiator daemon (iscsid)...[959]: 
ci-info: | enp0s3 | True | fe80::3e:d3ff:fed5:ac89/64 |       .       |  link | 02:3e:d3:d5:ac:89 |
[   21.791095] [cloud-init[0;32m  OK  [0m[959]: ] ci-info: |   lo   | True |         127.0.0.1          |   255.0.0.0   |   .   |         .         |Reached target System Initialization.

[   21.792214] cloud-init[959]: ci-info: |   lo   | True |          ::1/128           |       .       |  host |         .         |
[   21.964697] [cloud-init[0;32m  OK  [0m[959]: ] ci-info: +--------+------+----------------------------+---------------+-------+-------------------+Started Timer to automatically refresh installed snaps.

         Starting Socket activation for snappy daemon.
[[0;32m  OK  [0m] Listening on UUID daemon activation socket.
[   21.965838] cloud-init[959]: ci-info: +++++++++++++++++++++++++++Route IPv4 info++++++++++++++++++++++++++++
[   22.180977] [cloud-init[0;32m  OK  [0m[959]: ] ci-info: +-------+-------------+----------+---------------+-----------+-------+Started ACPI Events Check.

[[0;32m  OK  [0m] Reached target Paths.
[[0;32m  OK  [0m] Listening on ACPID Listen Socket.
[   22.181528] cloud-init[959]: ci-info: | Route | Destination | Gateway  |    Genmask    | Interface | Flags |
[   22.348591] [cloud-init[0;32m  OK  [0m[959]: ] ci-info: +-------+-------------+----------+---------------+-----------+-------+Listening on D-Bus System Message Bus Socket.

[[0;32m  OK  [0m] Started Daily Cleanup of Temporary Directories.
[   22.349134] cloud-init[959]: ci-info: |   0   |   0.0.0.0   | 10.0.2.2 |    0.0.0.0    |   enp0s3  |   UG  |
[   22.572349] [cloud-init[0;32m  OK  [0m[959]: ] ci-info: |   1   |   10.0.2.0  | 0.0.0.0  | 255.255.255.0 |   enp0s3  |   U   |Started Daily apt activities.

[   22.572998] [cloud-init[0;32m  OK  [0m[959]: ] ci-info: +-------+-------------+----------+---------------+-----------+-------+Reached target Timers.

         Starting LXD - unix socket.
[[0;32m  OK  [0m] Listening on Socket activation for snappy daemon.
[[0;32m  OK  [0m] Listening on LXD - unix socket.
[[0;32m  OK  [0m] Started iSCSI initiator daemon (iscsid).
         Starting Login to default iSCSI targets...
[[0;32m  OK  [0m] Reached target Sockets.
[[0;32m  OK  [0m] Reached target Basic System.
         Starting Accounts Service...
         Starting Login Service...
[[0;32m  OK  [0m] Started Unattended Upgrades Shutdown.
[[0;32m  OK  [0m] Started Regular background program processing daemon.
         Starting LXD - container startup/shutdown...
         Starting PostgreSQL Cluster 9.5-main...
         Starting LSB: Record successful boot for GRUB...
         Starting LSB: MD monitoring daemon...
         Starting System Logging Service...
[[0;32m  OK  [0m] Started FUSE filesystem for LXC.
[[0;32m  OK  [0m] Started D-Bus System Message Bus.
         Starting OpenBSD Secure Shell server...
         Starting Apply the settings specified in cloud-config...
         Starting /etc/rc.local Compatibility...
[[0;32m  OK  [0m] Started Deferred execution scheduler.
[[0;32m  OK  [0m] Started ACPI event daemon.
[[0;32m  OK  [0m] Started Snappy daemon.
         Starting Auto import assertions from block devices...
[[0;32m  OK  [0m] Started System Logging Service.
[[0;32m  OK  [0m] Started OpenBSD Secure Shell server.
[[0;32m  OK  [0m] Started LXD - container startup/shutdown.
[[0;32m  OK  [0m] Started /etc/rc.local Compatibility.
[[0;32m  OK  [0m] Started Auto import assertions from block devices.
[[0;32m  OK  [0m] Started Login to default iSCSI targets.
[[0;32m  OK  [0m] Started LSB: Record successful boot for GRUB.
[[0;32m  OK  [0m] Started LSB: MD monitoring daemon.
[[0;32m  OK  [0m] Started Login Service.
         Starting Authenticate and Authorize Users to Run Privileged Tasks...
[[0;32m  OK  [0m] Reached target Remote File Systems (Pre).
[[0;32m  OK  [0m] Reached target Remote File Systems.
         Starting Permit User Sessions...
         Starting LSB: automatic crash report generation...
         Starting LSB: Set the CPU Frequency Scaling governor to "ondemand"...
         Starting LSB: VirtualBox Linux Additions...
         Starting LSB: daemon to balance interrupts for SMP systems...
         Starting LSB: Start/stop sysstat's sadc...
[[0;32m  OK  [0m] Started Permit User Sessions.
[[0;32m  OK  [0m] Started Authenticate and Authorize Users to Run Privileged Tasks.
[[0;32m  OK  [0m] Started Accounts Service.
[[0;32m  OK  [0m] Started LSB: Set the CPU Frequency Scaling governor to "ondemand".
         Starting Hold until boot process finishes up...
         Starting Terminate Plymouth Boot Screen...
[[0;32m  OK  [0m] Started LSB: Start/stop sysstat's sadc.
[[0;32m  OK  [0m] Started Hold until boot process finishes up.
[[0;32m  OK  [0m] Started LSB: automatic crash report generation.
[[0;32m  OK  [0m] Started LSB: VirtualBox Linux Additions.
[[0;32m  OK  [0m] Started LSB: daemon to balance interrupts for SMP systems.
[[0;32m  OK  [0m] Started Terminate Plymouth Boot Screen.
[[0;32m  OK  [0m] Created slice User Slice of ubuntu.
[[0;32m  OK  [0m] Started Session 1 of user ubuntu.
         Starting User Manager for UID 1000...
[[0;32m  OK  [0m] Started Serial Getty on ttyS0.
         Starting Set console scheme...
[   25.154474] cloud-init[1070]: Cloud-init v. 0.7.9 running 'modules:config' at Sat, 15 Jul 2017 16:29:59 +0000. Up 24.97 seconds.
[[0;32m  OK  [0m] Started Getty on tty1.
[[0;32m  OK  [0m] Reached target Login Prompts.
[[0;32m  OK  [0m] Started User Manager for UID 1000.
[[0;32m  OK  [0m] Started Set console scheme.
[[0;32m  OK  [0m] Started Apply the settings specified in cloud-config.
[[0;32m  OK  [0m] Started PostgreSQL Cluster 9.5-main.
         Starting PostgreSQL RDBMS...
[[0;32m  OK  [0m] Started PostgreSQL RDBMS.
[[0;32m  OK  [0m] Reached target Multi-User System.
         Starting Execute cloud user/final scripts...
[[0;32m  OK  [0m] Reached target Graphical Interface.
         Starting Update UTMP about System Runlevel Changes...
[[0;32m  OK  [0m] Started Update UTMP about System Runlevel Changes.
[   27.085372] cloud-init[1301]: Cloud-init v. 0.7.9 running 'modules:final' at Sat, 15 Jul 2017 16:30:01 +0000. Up 26.85 seconds.
[   27.145741] cloud-init[1301]: Cloud-init v. 0.7.9 finished at Sat, 15 Jul 2017 16:30:01 +0000. Datasource DataSourceNoCloud [seed=/dev/sdb][dsmode=net].  Up 27.06 seconds
[[0;32m  OK  [0m] Started Execute cloud user/final scripts.
[[0;32m  OK  [0m] Reached target Cloud-init target.
         Starting Daily apt activities...
         Stopping User Manager for UID 1000...
[[0;32m  OK  [0m] Stopped User Manager for UID 1000.
[[0;32m  OK  [0m] Removed slice User Slice of ubuntu.

Ubuntu 16.04.2 LTS ubuntu-xenial ttyS0

ubuntu-xenial login: 